npx : FAIL __tests__/StarRating.test.js
At line:1 char:1
+ npx jest --watchAll=false 2>&1 | Tee-Object -FilePath test_output.txt
+ ~~~~~~~~~~~~~~~~~~~~~~~~~~~~~~
    + CategoryInfo          : NotSpecified: (FAIL __tests__/StarRating. 
   test.js:String) [], RemoteException
    + FullyQualifiedErrorId : NativeCommandError
 
  ΓùÅ Test suite failed to run

    Cannot find module '@testing-library/dom' from 
'node_modules/@testing-library/react/dist/pure.js'

    Require stack:
      node_modules/@testing-library/react/dist/pure.js
      node_modules/@testing-library/react/dist/index.js
      __tests__/StarRating.test.js

    [0m [90m 14 |[39m     render([33m<[39m[33mStarRating[39m 
rating[33m=[39m{[35m3[39m} interactive[33m=[39m{[36mfalse[39m} 
[33m/[39m[33m>[39m)[33m;[39m
     [90m 15 |[39m     [90m// There should always be 5 star 
containers[39m
    [31m[1m>[22m[39m[90m 16 |[39m     [36mconst[39m stars 
[33m=[39m 
screen[33m.[39mgetAllByTestId([32m'star-icon'[39m)[33m;[39m
     [90m    |[39m                 [31m[1m^[22m[39m
     [90m 17 |[39m     
expect(stars)[33m.[39mtoHaveLength([35m5[39m)[33m;[39m
     [90m 18 |[39m   })[33m;[39m
     [90m 19 |[39m[0m

      at Resolver._throwModNotFoundError 
(node_modules/jest-resolve/build/resolver.js:427:11)
      at Object.<anonymous> 
(node_modules/@testing-library/react/dist/pure.js:46:12)
      at Object.<anonymous> 
(node_modules/@testing-library/react/dist/index.js:7:13)
      at Object.<anonymous> (__tests__/StarRating.test.js:16:17)

Test Suites: 1 failed, 1 total
Tests:       0 total
Snapshots:   0 total
Time:        0.981 s
Ran all test suites.
