============================= test session starts =============================
platform win32 -- Python 3.12.6, pytest-8.3.4, pluggy-1.6.0 -- C:\Python312\python.exe
cachedir: .pytest_cache
hypothesis profile 'default'
metadata: {'Python': '3.12.6', 'Platform': 'Windows-11-10.0.26200-SP0', 'Packages': {'pytest': '8.3.4', 'pluggy': '1.6.0'}, 'Plugins': {'anyio': '3.7.1', 'Faker': '28.4.1', 'hypothesis': '6.147.0', 'langsmith': '0.7.14', 'locust': '2.43.1', 'asyncio': '0.24.0', 'cov': '6.0.0', 'html': '4.0.2', 'metadata': '3.1.1', 'mock': '3.14.0', 'ordering': '0.6', 'rerunfailures': '15.1', 'xdist': '3.6.1', 'seleniumbase': '4.38.3'}}
rootdir: C:\Users\mjeni\OneDrive\Desktop\Own Projects\Nebula
configfile: pytest.ini
testpaths: backend/tests
plugins: anyio-3.7.1, Faker-28.4.1, hypothesis-6.147.0, langsmith-0.7.14, locust-2.43.1, asyncio-0.24.0, cov-6.0.0, html-4.0.2, metadata-3.1.1, mock-3.14.0, ordering-0.6, rerunfailures-15.1, xdist-3.6.1, seleniumbase-4.38.3
asyncio: mode=Mode.AUTO, default_loop_scope=function
collecting ... collected 0 items / 1 error

=================================== ERRORS ====================================
_________________ ERROR collecting backend/tests/test_main.py _________________
backend\tests\test_main.py:3: in <module>
    from backend.main import app
backend\main.py:11: in <module>
    from backend.models import User, Watchlist, RecommendationState, MovieMetadata
backend\models.py:118: in <module>
    class RecommendationState(Base):
backend\models.py:130: in RecommendationState
    state_data: Mapped[Optional[dict]] = mapped_column(
E   NameError: name 'Optional' is not defined
=========================== short test summary info ===========================
ERROR backend/tests/test_main.py - NameError: name 'Optional' is not defined
!!!!!!!!!!!!!!!!!!! Interrupted: 1 error during collection !!!!!!!!!!!!!!!!!!!!
============================== 1 error in 2.92s ===============================
